# APPLY lot 2024-H2 (2024-07-01 → 2024-12-31) · 34 publicacions
- 2024-044 exclosa (exclusions.json)
+ 2024-029 2024-07-05 /blog/cursa-del-foc-trail-el-vendrell-cursa-de-gava-traschinepro-2024-07-05
    titol: CURSA DEL FOC - TRAIL EL VENDRELL - CURSA DE GAVÀ - TRASCHINEPRO TRAIL
    resum: El diumenge 16 de juny es va celebrar la Cursa del Foc, a Olesa de Montserrat, amb dues distàncies: 5 km (una 
    fotos: 6 · paràgrafs CA/ES: 4/4
+ 2024-030 2024-07-06 /blog/marato-del-carlit-trail-des-bouillouses-cursa-ciutat-2024-07-06
    titol: MARATÓ DEL CARLIT - TRAIL DES BOUILLOUSES - CURSA CIUTAT COOPERATIVA - MOLÍ NOU
    resum: El diumenge 23 de juny, un grup de Sedentaris va anar fins a Font-Romeu, en ple Pirineu francès, on durant dos
    fotos: 3 · paràgrafs CA/ES: 2/2
+ 2024-031 2024-07-07 /blog/cursa-premia-de-mar-cursa-nocturna-running-rcde-1900-night-2024-07-07
    titol: CURSA PREMIÀ DE MAR - CURSA NOCTURNA RUNNING RCDE 1900 - NIGHT TRAIL LLORET DE MAR - CURSA DEL DIMONI - GARMIN MOUNTAIN FESTIVAL
    resum: El dissabte 29 de juny a la tarda es va celebrar la Cursa de Premià de Mar, amb sortida des del port i dues di
    fotos: 5 · paràgrafs CA/ES: 5/5
+ 2024-032 2024-07-14 /blog/cursa-de-ca-nanglada-cursa-de-palleja-cursa-de-barbera-del-2024-07-14
    titol: CURSA DE CA N'ANGLADA - CURSA DE PALLEJÀ - CURSA DE BARBERÀ DEL VALLÈS
    resum: El dissabte 6 de juliol a la tarda es va celebrar al barri de Ca n'Anglada, a Terrassa, la cursa de 5 km. Curs
    fotos: 4 · paràgrafs CA/ES: 3/3
+ 2024-033 2024-07-27 /blog/mitja-marato-per-relleus-de-mataro-2024-07-27
    titol: MITJA MARATÓ PER RELLEUS DE MATARÓ
    resum: El dissabte 13 de juliol es va celebrar al Parc Central de Mataró la Mitja Marató per relleus. Cada equip té 3
    fotos: 2 · paràgrafs CA/ES: 14/14
+ 2024-034 2024-07-27 /blog/entreno-cursa-rat-penat-cursa-de-la-granada-cursa-del-poble-2024-07-27
    titol: ENTRENO-CURSA RAT PENAT - CURSA DE LA GRANADA - CURSA DEL POBLE-SEC
    resum: El dimecres 17 de juliol es va fer un entrenament conjunt amb el Club Garraf Runners, que consistia a pujar fi
    fotos: 5 · paràgrafs CA/ES: 3/3
+ 2024-035 2024-07-27 /blog/mountain-festival-comapedrosa-2024-07-27
    titol: MOUNTAIN FESTIVAL COMAPEDROSA
    resum: Aquell mateix cap de setmana del 20 i 21 de juliol també es va celebrar el Mountain Festival Comapedrosa a And
    fotos: 3 · paràgrafs CA/ES: 6/6
+ 2024-036 2024-08-24 /blog/cursa-espluga-de-francoli-cursa-nocturna-villa-alba-de-2024-08-24
    titol: CURSA ESPLUGA DE FRANCOLÍ - CURSA NOCTURNA VILLA ALBA DE TORMES - LA RUBIALADA
    resum: El passat 27 de juliol a la tarda es va celebrar la tradicional Cursa de l'Espluga de Francolí, on un dels gra
    fotos: 4 · paràgrafs CA/ES: 3/3
+ 2024-037 2024-08-28 /blog/cursa-de-la-garriga-cross-urbanizaciones-la-rad-cursa-campi-2024-08-28
    titol: CURSA DE LA GARRIGA - CROSS URBANIZACIONES LA RAD - CURSA CAMPI QUI PUGUI
    resum: El dissabte 3 d'agost es va celebrar a la Garriga la tradicional cursa de 4 km que combina asfalt i muntanya. 
    fotos: 3 · paràgrafs CA/ES: 4/4
+ 2024-038 2024-09-01 /blog/pujada-al-pic-veleta-2024-09-01
    titol: PUJADA AL PIC VELETA
    resum: Continuem amb el diumenge 4 d'agost, dia en què es va celebrar a Granada la 40a edició de la Subida al Pico Ve
    fotos: 3 · paràgrafs CA/ES: 1/1
+ 2024-038-b 2024-09-01 /blog/cursa-de-roda-de-bera-hermes-running-montlude-skyrace-2024-09-01
    titol: CURSA DE RODA DE BERÀ - HERMES RUNNING - MONTLUDE SKYRACE
    resum: El dissabte 10 d'agost es va celebrar la cursa de 7,6 km de Roda de Berà. Un circuit que combina asfalt i pist
    fotos: 5 · paràgrafs CA/ES: 3/3
+ 2024-039 2024-09-07 /blog/cursa-5k-de-manlleu-gran-fondo-internacional-siete-aguas-2024-09-07
    titol: CURSA 5K DE MANLLEU - GRAN FONDO INTERNACIONAL SIETE AGUAS - CURSA DE CASTELLBISBAL
    resum: El 15 d'agost es va celebrar la Cursa de Manlleu de 5 km, que destaca per la inscripció gratuïta i perquè cau 
    fotos: 5 · paràgrafs CA/ES: 3/3
+ 2024-040 2024-09-07 /blog/cursa-de-festa-major-de-ripollet-2024-09-07
    titol: CURSA DE FESTA MAJOR DE RIPOLLET
    resum: El diumenge 25 d'agost es va celebrar a Ripollet la ja tradicional cursa de la localitat. Aquest any s'hi va e
    fotos: 2 · paràgrafs CA/ES: 1/1
+ 2024-041 2024-09-19 /blog/cursa-de-la-farga-cursa-de-santa-coloma-cursa-de-santa-2024-09-19
    titol: CURSA DE LA FARGA - CURSA DE SANTA COLOMA - CURSA DE SANTA PERPÈTUA DE MOGODA - CURSA TOSSAL DE LES TENALLES
    resum: El cap de setmana del 31 d'agost i l'1 de setembre va estar carregadíssim de curses, i els Sedentaris vam anar
    fotos: 5 · paràgrafs CA/ES: 5/5
+ 2024-042 2024-09-19 /blog/cursa-de-sant-quirze-del-valles-cursa-poblats-iberics-cursa-2024-09-19
    titol: CURSA DE SANT QUIRZE DEL VALLÈS - CURSA POBLATS IBÈRICS - CURSA DE LA DONA A SANT GREGORI - CURSA MARIA VÍCTOR - MARATÓ DE MEDELLÍN
    resum: El diumenge 1 de setembre es va celebrar a Sant Quirze del Vallès una cursa gratuïta de 5 km, en un circuit d'
    fotos: 6 · paràgrafs CA/ES: 5/5
+ 2024-043 2024-09-26 /blog/cursa-de-sant-llorenc-dhortons-cursa-de-sabadell-2024-09-26
    titol: CURSA DE SANT LLORENÇ D'HORTONS - CURSA DE SABADELL
    resum: El diumenge 8 de setembre es van celebrar les tradicionals curses de Sant Llorenç d'Hortons, amb dues distànci
    fotos: 3 · paràgrafs CA/ES: 2/2
+ 2024-045 2024-10-05 /blog/cursa-popular-de-viladecans-cross-santa-coloma-de-cervello-2024-10-05
    titol: CURSA POPULAR DE VILADECANS - CROSS SANTA COLOMA DE CERVELLÓ - CURSA DE LA VALL DEL TENES - CURSA DE BELLATERRA
    resum: L'11 de setembre, festiu a Catalunya, es van celebrar força curses, entre elles la Cursa Popular de Viladecans
    fotos: 6 · paràgrafs CA/ES: 4/4
+ 2024-046 2024-10-05 /blog/cursa-de-bellaterra-cursa-de-la-llagosta-2024-10-05
    titol: CURSA DE BELLATERRA - CURSA DE LA LLAGOSTA
    resum: Anem amb una altra cursa de l'11 de setembre, la Cursa de Bellaterra, amb un circuit totalment nou i més curt,
    fotos: 2 · paràgrafs CA/ES: 2/2
+ 2024-047 2024-10-09 /blog/xxiv-nit-de-lesport-de-castelldefels-2024-10-09
    titol: XXIV NIT DE L'ESPORT DE CASTELLDEFELS
    resum: El divendres 20 de setembre es va celebrar la XXIV Nit de l'Esport de Castelldefels, on es lliuren els premis 
    fotos: 2 · paràgrafs CA/ES: 3/3
+ 2024-048 2024-10-13 /blog/cursa-del-prat-cursa-de-molins-de-rei-cursa-del-sot-2024-10-13
    titol: CURSA DEL PRAT - CURSA DE MOLINS DE REI - CURSA DEL SOT
    resum: El diumenge 22 de setembre es va celebrar la tradicional Cursa del Prat que, des de fa dos anys, ja no es fa p
    fotos: 2 · paràgrafs CA/ES: 3/3
+ 2024-049 2024-10-20 /blog/cursa-de-la-merce-mitja-marato-costa-barcelona-maresme-2024-10-20
    titol: CURSA DE LA MERCÈ - MITJA MARATÓ COSTA BARCELONA MARESME - CURSA DEL MARGALLÓ
    resum: El diumenge 29 de setembre es va celebrar una de les curses més multitudinàries de Barcelona, la Cursa de la M
    fotos: 4 · paràgrafs CA/ES: 3/3
+ 2024-050 2024-10-27 /blog/cursa-100-km-badalona-per-relleus-cursa-de-sant-andreu-de-2024-10-27
    titol: CURSA 100 KM BADALONA PER RELLEUS - CURSA DE SANT ANDREU DE LA BARCA - TRAIL LES TRES FONTS
    resum: El dissabte 5 d'octubre es va celebrar a Badalona una cursa benèfica de 100 km que es podia disputar en difere
    fotos: 4 · paràgrafs CA/ES: 3/3
+ 2024-051 2024-10-27 /blog/mitja-marato-dalbacete-2024-10-27
    titol: MITJA MARATÓ D'ALBACETE
    resum: El passat 6 d'octubre es va celebrar a Albacete el Campionat d'Espanya de Mitja Marató en les categories màste
    fotos: 1 · paràgrafs CA/ES: 2/2
+ 2024-052 2024-11-13 /blog/cursa-sant-galderic-cursa-sant-just-desvern-fun-trail-2024-11-13
    titol: CURSA SANT GALDERIC - CURSA SANT JUST DESVERN - FUN TRAIL BARCELONA - CROSS DE SANTS - CURSA MERCABARNA - HISTÒRIC TRAIL CALAFELL - MARATÓ DE CHICAGO
    resum: El dissabte 12 d'octubre al matí es va celebrar la Cursa de Sant Galderic, a Tavèrnoles, amb dues distàncies: 
    fotos: 9 · paràgrafs CA/ES: 7/7
+ 2024-053 2024-11-13 /blog/cursa-santa-margarida-i-els-monjos-la-megalitica-mitja-de-2024-11-13
    titol: CURSA SANTA MARGARIDA I ELS MONJOS - LA MEGALÍTICA - MITJA DE MOLLERUSSA - CURSA CIUTAT DE CORNELLÀ - DOGFY RUN
    resum: El dissabte 19 d'octubre es va celebrar la Cursa de Santa Margarida i els Monjos, amb distàncies de 5 km (una 
    fotos: 5 · paràgrafs CA/ES: 5/5
+ 2024-054 2024-11-16 /blog/tast-de-la-mitja-mitja-marato-de-valencia-marato-i-10k-de-2024-11-16
    titol: TAST DE LA MITJA - MITJA MARATÓ DE VALÈNCIA - MARATÓ I 10K DE LLEIDA
    resum: El passat dissabte 26 d'octubre es va celebrar el Tast de la Mitja, on es corren els 10 km de tornada del reco
    fotos: 4 · paràgrafs CA/ES: 3/3
+ 2024-055 2024-11-23 /blog/cursa-lluis-companys-magic-bdn-running-cursa-de-sant-marti-2024-11-23
    titol: CURSA LLUÍS COMPANYS - MÀGIC BDN RUNNING - CURSA DE SANT MARTÍ - MARATÓ I MITJA MARATÓ DE COLLSEROLA - CURSA LA VICENTINA
    resum: La Cursa Lluís Companys, amb dues distàncies, 5 km i 10 km, amb sortida i arribada a l'Estadi Serrahima. Cursa
    fotos: 5 · paràgrafs CA/ES: 6/6
+ 2024-056 2024-12-02 /blog/montjuic-tibidabo-cursa-de-montgat-10k-urbans-de-manresa-2024-12-02
    titol: MONTJUÏC - TIBIDABO - CURSA DE MONTGAT - 10K URBANS DE MANRESA
    resum: L'1 de novembre, com ja és tradició, es fa la Cursa Montjuïc-Tibidabo, abans coneguda com a Cursa de l'Amistat
    fotos: 5 · paràgrafs CA/ES: 3/3
+ 2024-057 2024-12-08 /blog/behobia-sant-sebastia-2024-12-08
    titol: BEHOBIA - SANT SEBASTIÀ
    resum: El diumenge 10 de novembre, un any més, els Sedentaris vam anar a una de les grans cites de l'any, la Behobia-
    fotos: 1 · paràgrafs CA/ES: 1/1
+ 2024-058 2024-12-08 /blog/cursa-de-bombers-canicros-el-figaro-2024-12-08
    titol: CURSA DE BOMBERS - CANICRÒS EL FIGARÓ
    resum: Seguim amb més curses del diumenge 10 de novembre, dia en què es va celebrar la Cursa de Bombers de 10 km, amb
    fotos: 2 · paràgrafs CA/ES: 2/2
+ 2024-059 2024-12-12 /blog/milles-nocturnes-de-cerdanyola-els-10-de-les-franqueses-2024-12-12
    titol: MILLES NOCTURNES DE CERDANYOLA - ELS 10 DE LES FRANQUESES - CURSA 10K VILA DE SANT BOI - CROSS SOLIDARI OLLER DEL MAS
    resum: El cap de setmana del 16 i 17 de novembre va estar ple de curses:
    fotos: 5 · paràgrafs CA/ES: 5/5
+ 2024-060 2024-12-12 /blog/mitja-marato-espirall-cros-3-turons-la-diablada-canicros-de-2024-12-12
    titol: MITJA MARATÓ ESPIRALL - CROS 3 TURONS-LA DIABLADA - CANICRÒS DE BONMATÍ
    resum: Continuem amb el diumenge 17 de novembre, dia en què es va celebrar la Mitja Marató Espirall - Vilafranca, a V
    fotos: 4 · paràgrafs CA/ES: 3/3
+ 2024-061 2024-12-22 /blog/pujada-i-baixada-a-guanta-correblau-cursa-solidaria-per-a-2024-12-22
    titol: PUJADA I BAIXADA A GUANTA - CORREBLAU - CURSA SOLIDÀRIA PER A LA INFÀNCIA - CURSA FOSCA - GUALBA TRAIL
    resum: El dissabte 23 de novembre es va celebrar la Pujada i Baixada a Guanta. Cursa de 12,3 km, gairebé tota per ter
    fotos: 5 · paràgrafs CA/ES: 6/6

33 posts per crear, 130 fotos per pujar
Backup: 56 posts -> news-import\backups\posts-2026-09-14T08-11-58-150Z.json
✓ 2024-029 /blog/cursa-del-foc-trail-el-vendrell-cursa-de-gava-traschinepro-2024-07-05 (6 fotos)
✓ 2024-030 /blog/marato-del-carlit-trail-des-bouillouses-cursa-ciutat-2024-07-06 (3 fotos)
✓ 2024-031 /blog/cursa-premia-de-mar-cursa-nocturna-running-rcde-1900-night-2024-07-07 (5 fotos)
✓ 2024-032 /blog/cursa-de-ca-nanglada-cursa-de-palleja-cursa-de-barbera-del-2024-07-14 (4 fotos)
✓ 2024-033 /blog/mitja-marato-per-relleus-de-mataro-2024-07-27 (2 fotos)
✓ 2024-034 /blog/entreno-cursa-rat-penat-cursa-de-la-granada-cursa-del-poble-2024-07-27 (5 fotos)
✓ 2024-035 /blog/mountain-festival-comapedrosa-2024-07-27 (3 fotos)
✓ 2024-036 /blog/cursa-espluga-de-francoli-cursa-nocturna-villa-alba-de-2024-08-24 (4 fotos)
✓ 2024-037 /blog/cursa-de-la-garriga-cross-urbanizaciones-la-rad-cursa-campi-2024-08-28 (3 fotos)
✓ 2024-038 /blog/pujada-al-pic-veleta-2024-09-01 (3 fotos)
✓ 2024-038-b /blog/cursa-de-roda-de-bera-hermes-running-montlude-skyrace-2024-09-01 (5 fotos)
✓ 2024-039 /blog/cursa-5k-de-manlleu-gran-fondo-internacional-siete-aguas-2024-09-07 (5 fotos)
✓ 2024-040 /blog/cursa-de-festa-major-de-ripollet-2024-09-07 (2 fotos)
✓ 2024-041 /blog/cursa-de-la-farga-cursa-de-santa-coloma-cursa-de-santa-2024-09-19 (5 fotos)
✓ 2024-042 /blog/cursa-de-sant-quirze-del-valles-cursa-poblats-iberics-cursa-2024-09-19 (6 fotos)
✓ 2024-043 /blog/cursa-de-sant-llorenc-dhortons-cursa-de-sabadell-2024-09-26 (3 fotos)
✓ 2024-045 /blog/cursa-popular-de-viladecans-cross-santa-coloma-de-cervello-2024-10-05 (6 fotos)
✓ 2024-046 /blog/cursa-de-bellaterra-cursa-de-la-llagosta-2024-10-05 (2 fotos)
✓ 2024-047 /blog/xxiv-nit-de-lesport-de-castelldefels-2024-10-09 (2 fotos)
✓ 2024-048 /blog/cursa-del-prat-cursa-de-molins-de-rei-cursa-del-sot-2024-10-13 (2 fotos)
✓ 2024-049 /blog/cursa-de-la-merce-mitja-marato-costa-barcelona-maresme-2024-10-20 (4 fotos)
✓ 2024-050 /blog/cursa-100-km-badalona-per-relleus-cursa-de-sant-andreu-de-2024-10-27 (4 fotos)
✓ 2024-051 /blog/mitja-marato-dalbacete-2024-10-27 (1 fotos)
✓ 2024-052 /blog/cursa-sant-galderic-cursa-sant-just-desvern-fun-trail-2024-11-13 (9 fotos)
✓ 2024-053 /blog/cursa-santa-margarida-i-els-monjos-la-megalitica-mitja-de-2024-11-13 (5 fotos)
✓ 2024-054 /blog/tast-de-la-mitja-mitja-marato-de-valencia-marato-i-10k-de-2024-11-16 (4 fotos)
✓ 2024-055 /blog/cursa-lluis-companys-magic-bdn-running-cursa-de-sant-marti-2024-11-23 (5 fotos)
✓ 2024-056 /blog/montjuic-tibidabo-cursa-de-montgat-10k-urbans-de-manresa-2024-12-02 (5 fotos)
✓ 2024-057 /blog/behobia-sant-sebastia-2024-12-08 (1 fotos)
✓ 2024-058 /blog/cursa-de-bombers-canicros-el-figaro-2024-12-08 (2 fotos)
✓ 2024-059 /blog/milles-nocturnes-de-cerdanyola-els-10-de-les-franqueses-2024-12-12 (5 fotos)
✓ 2024-060 /blog/mitja-marato-espirall-cros-3-turons-la-diablada-canicros-de-2024-12-12 (4 fotos)
✓ 2024-061 /blog/pujada-i-baixada-a-guanta-correblau-cursa-solidaria-per-a-2024-12-22 (5 fotos)

Fet: 33 creats, 0 errors. Log: news-import\logs\apply-2024-H2-2026-09-14T08-11-58-150Z.log
