# APPLY lot 2025-H1 (2025-01-01 → 2025-06-30) · 43 publicacions
+ 2024-062 2025-01-01 /blog/cursa-de-sant-andreu-cursa-5k-de-viladecans-2025-01-01
    titol: CURSA DE SANT ANDREU - CURSA 5K DE VILADECANS
    resum: El passat 6 de desembre, festiu a Espanya, es va celebrar el 5K de Sant Andreu, organitzat pel Club Natació Sa
    fotos: 5 · paràgrafs CA/ES: 2/2
+ 2024-063 2025-01-01 /blog/24-hores-dultrafons-en-pista-cursa-de-la-sagrera-mitja-2025-01-01
    titol: 24 HORES D'ULTRAFONS EN PISTA - CURSA DE LA SAGRERA - MITJA MARATÓ DE VILANOVA - CURSA DE LES EMPRESES
    resum: El dissabte 14 de desembre, a les 12 del migdia, van començar les 24 hores d'Ultrafons a les pistes de Serrahi
    fotos: 4 · paràgrafs CA/ES: 4/4
+ 2024-064 2025-01-12 /blog/cursa-dels-elfs-cursa-del-pare-noel-21-22122024-2025-01-12
    titol: CURSA DELS ELFS - CURSA DEL PARE NOEL (21-22/12/2024)
    resum: El dissabte 21 de desembre a la tarda es va celebrar a Santa Coloma de Gramenet la Cursa dels Elfs, de 5 km. U
    fotos: 3 · paràgrafs CA/ES: 2/2
+ 2024-065 2025-01-16 /blog/sant-silvestre-del-masnou-2025-01-16
    titol: SANT SILVESTRE DEL MASNOU
    resum: Com cada 26 de desembre, dia de Sant Esteve, se celebra la tradicional Cursa del Masnou 5K, al seu ja clàssic 
    fotos: 1 · paràgrafs CA/ES: 1/1
+ 2024-066 2025-01-16 /blog/cursa-el-capo-puja-al-castell-2025-01-16
    titol: CURSA «EL CAPÓ PUJA AL CASTELL»
    resum: El 29 de desembre de 2024 es va celebrar la Cursa «El Capó Puja al Castell», de la qual el nostre club va form
    fotos: 2 · paràgrafs CA/ES: 1/1
+ 2024-067 2025-01-19 /blog/sant-silvestre-racc-de-badalona-sant-silvestre-de-polinya-2025-01-19
    titol: SANT SILVESTRE RACC DE BADALONA - SANT SILVESTRE DE POLINYÀ
    resum: Seguim amb curses de l'últim diumenge de desembre, dia en què es va celebrar la Sant Silvestre de Badalona, am
    fotos: 2 · paràgrafs CA/ES: 2/2
+ 2024-068 2025-01-19 /blog/cursa-dels-nassos-sant-silvestre-de-bossost-san-silvestre-2025-01-19
    titol: CURSA DELS NASSOS - SANT SILVESTRE DE BOSSÒST - SAN SILVESTRE VALLECANA
    resum: Com cada any, per celebrar l'últim dia del calendari, vam anar a la tradicional Cursa dels Nassos a Barcelona.
    fotos: 5 · paràgrafs CA/ES: 3/3
+ 2025-001 2025-01-19 /blog/cursa-popular-crematorrons-cursa-de-reis-de-cornella-2025-01-19
    titol: CURSA POPULAR CREMATORRONS - CURSA DE REIS DE CORNELLÀ
    resum: El dissabte 4 de gener es va fer a Lliçà d'Amunt la Cursa Popular Crematorrons, en un recorregut d'uns 5,5 km 
    fotos: 4 · paràgrafs CA/ES: 2/2
+ 2025-002 2025-01-23 /blog/cursa-mar-i-murtra-mitja-marato-de-sitges-cinc-cims-2025-01-23
    titol: CURSA MAR I MURTRA - MITJA MARATÓ DE SITGES - CINC CIMS - CANICRÒS DE VIDRERES
    resum: El diumenge 12 de gener vam ser presents en moltíssimes curses. La primera, la Cursa Mar i Murtra, a Blanes (G
    fotos: 5 · paràgrafs CA/ES: 5/5
+ 2025-003 2025-01-23 /blog/cursa-popular-de-polinya-cursa-de-sant-antoni-de-jaen-trail-2025-01-23
    titol: CURSA POPULAR DE POLINYÀ - CURSA DE SANT ANTONI DE JAÉN - TRAIL CREIXELL - TRAIL ARRIBES OCULTOS - MITJA MARATÓ SANTA POLA
    resum: El passat cap de setmana va estar ple de curses.
    fotos: 8 · paràgrafs CA/ES: 7/7
+ 2025-004 2025-02-02 /blog/cursa-de-sant-antoni-mitja-marato-de-terrassa-2025-02-02
    titol: CURSA DE SANT ANTONI - MITJA MARATÓ DE TERRASSA
    resum: El cap de setmana del 25 i 26 de gener va estar ple de curses:
    fotos: 3 · paràgrafs CA/ES: 3/3
+ 2025-005 2025-02-02 /blog/mitja-marato-de-sevilla-klassmark-marato-costa-brava-la-2025-02-02
    titol: MITJA MARATÓ DE SEVILLA - KLASSMARK MARATÓ COSTA BRAVA - LA LLANERA TRAIL - THE BOSCO RUN - CANICRÒS DE BELLVÍS
    resum: Seguim amb més curses del cap de setmana passat:
    fotos: 7 · paràgrafs CA/ES: 8/8
+ 2025-006 2025-02-09 /blog/santkutrail-mitja-marato-de-sant-cugat-the-life-time-miami-2025-02-09
    titol: SANTKUTRAIL - MITJA MARATÓ DE SANT CUGAT - THE LIFE TIME MIAMI MARATHON AND HALF - CANICRÒS DE LA CELLERA DE TER
    resum: El dissabte 1 vam començar amb una cursa de muntanya, la SantkuTrail, a Sant Cugat Sesgarrigues. Tenia dues mo
    fotos: 4 · paràgrafs CA/ES: 5/5
+ 2025-007 2025-02-23 /blog/gala-de-premis-lliga-championchip-2024-2025-02-23
    titol: GALA DE PREMIS LLIGA CHAMPIONCHIP 2024
    resum: El dissabte 1 de febrer es va fer a Terrassa el lliurament de premis de la Lliga ChampionChip de Xipgroc de la
    fotos: 2 · paràgrafs CA/ES: 15/15
+ 2025-008 2025-02-23 /blog/mitja-colomenca-senders-de-can-costa-2025-02-23
    titol: MITJA COLOMENCA - SENDERS DE CAN COSTA
    resum: El diumenge 9 de febrer vam córrer a Santa Coloma de Gramenet la Mitja Colomenca, organitzada per la Unió Colo
    fotos: 4 · paràgrafs CA/ES: 4/4
+ 2025-009 2025-03-02 /blog/mitja-marato-de-barcelona-xtrail-series-run-mataro-canicros-2025-03-02
    titol: MITJA MARATÓ DE BARCELONA - XTRAIL SERIES RUN MATARÓ - CANICRÒS DE MASSANES
    resum: Com a plat fort de la jornada, vam participar a l'eDreams Mitja Marató de Barcelona, amb rècord de participant
    fotos: 4 · paràgrafs CA/ES: 7/8
+ 2025-010 2025-03-09 /blog/marato-de-sevilla-cursa-malalties-minoritaries-sismica-race-2025-03-09
    titol: MARATÓ DE SEVILLA - CURSA MALALTIES MINORITÀRIES - SÍSMICA RACE - CANICRÒS VINYES DEL PENEDÈS
    resum: Ens vam desplaçar fins a la capital andalusa per córrer la Zurich Marató de Sevilla, considerada la marató més
    fotos: 7 · paràgrafs CA/ES: 6/6
+ 2025-011 2025-03-16 /blog/mitja-marato-de-granollers-unirun-2025-03-16
    titol: MITJA MARATÓ DE GRANOLLERS - UNIRUN
    resum: El diumenge 2 de març vam anar a Granollers a disputar la Mitja Marató, de 21 km, amb 11.500 corredors entre l
    fotos: 3 · paràgrafs CA/ES: 4/4
+ 2025-012 2025-03-16 /blog/mitja-marato-de-lisboa-cursa-de-lampolla-oli-trail-2025-03-16
    titol: MITJA MARATÓ DE LISBOA - CURSA DE L'AMPOLLA - OLI TRAIL MONTSERRAT - CANIVAC XTREME
    resum: El diumenge 9 de març vam anar fins a Portugal a disputar la Mitja Marató de Lisboa, una cursa preciosa que su
    fotos: 3 · paràgrafs CA/ES: 5/5
+ 2025-013 2025-03-23 /blog/cursa-de-la-dona-de-santa-coloma-de-gramenet-2025-03-23
    titol: CURSA DE LA DONA DE SANTA COLOMA DE GRAMENET
    resum: (15/03/2025). El dissabte 15 de març vam ser a Santa Coloma de Gramenet per disputar la Cursa de la Dona, de 5
    fotos: 2 · paràgrafs CA/ES: 1/1
+ 2025-014 2025-03-23 /blog/zurich-marato-de-barcelona-2025-2025-03-23
    titol: ZURICH MARATÓ DE BARCELONA 2025
    resum: (16/03/2025). El plat fort del diumenge 16 de març va ser, ni més ni menys, la Zurich Marató de Barcelona, amb
    fotos: 2 · paràgrafs CA/ES: 5/5
+ 2025-015 2025-03-23 /blog/marato-de-roma-mitja-marato-de-saragossa-campionat-de-2025-03-23
    titol: MARATÓ DE ROMA - MITJA MARATÓ DE SARAGOSSA - CAMPIONAT DE CATALUNYA D'ATLETISME ADAPTAT - CANICRÒS NOCTURN DE CALDES DE MALAVELLA
    resum: (16/03/2025). Ens vam desplaçar fins a Itàlia per competir a la Marató de Roma, en un recorregut atractiu pels
    fotos: 4 · paràgrafs CA/ES: 4/4
+ 2025-016 2025-04-06 /blog/premis-de-la-lliga-del-circuit-nacional-de-running-platano-2025-04-06
    titol: PREMIS DE LA LLIGA DEL CIRCUIT NACIONAL DE RUNNING PLÁTANO DE CANARIAS 2024
    resum: El divendres 21 de març es va celebrar a Madrid el lliurament de premis de la Lliga del Circuit Nacional de Ru
    fotos: 2 · paràgrafs CA/ES: 5/5
+ 2025-017 2025-04-09 /blog/cursa-sant-pau-cursa-ponle-freno-mitja-marato-de-malaga-2025-04-09
    titol: CURSA SANT PAU - CURSA PONLE FRENO - MITJA MARATÓ DE MÀLAGA - MITJA MARATÓ DE SOUFFLE - TRAIL DEL SENGLAR - CURSA DE LA DONA DE PINEDA DE MAR - CURSA DE LA DONA DE VILADECANS - CURSA DEL ROC GROS
    resum: El dissabte 22 de març vam disputar la Cursa Científica de Sant Pau, dins del recinte obert de l'hospital. La 
    fotos: 8 · paràgrafs CA/ES: 8/8
+ 2025-018 2025-04-13 /blog/cursa-benefica-esclerosi-multiple-ultra-trail-muntanyes-2025-04-13
    titol: CURSA BENÈFICA ESCLEROSI MÚLTIPLE - ULTRA TRAIL MUNTANYES COSTA DAURADA - CURSA LO CASPOLINO
    resum: (Cap de setmana del 29 i 30 de març de 2025).
    fotos: 3 · paràgrafs CA/ES: 4/4
+ 2025-019 2025-04-18 /blog/mitja-marato-montornes-2025-campionat-de-catalunya-2025-04-18
    titol: MITJA MARATÓ MONTORNÈS 2025 (CAMPIONAT DE CATALUNYA)
    resum: El diumenge 6 d'abril es va celebrar el Campionat de Catalunya de Mitja Marató a la Mitja Marató de Montornès,
    fotos: 2 · paràgrafs CA/ES: 6/6
+ 2025-020 2025-04-18 /blog/cursa-medijocs-xiv-ruta-de-las-fortalezas-cursa-de-la-roca-2025-04-18
    titol: CURSA MEDIJOCS - XIV RUTA DE LAS FORTALEZAS - CURSA DE LA ROCA NEGRA - NOCTURNA DE L'HOSPITALET - MITJA MARATÓ MIAMI PLATJA - XTRAIL SERIES RUN ÒRRIUS - SOBREPUNY CANICRÒS
    resum: El dissabte 5 d'abril es va celebrar la Cursa Atlètica Medijocs, de 8 km, meitat asfalt i meitat pista de terr
    fotos: 6 · paràgrafs CA/ES: 8/8
+ 2025-021 2025-04-27 /blog/cursa-de-la-sanitat-catalana-cursa-de-laldea-milla-urbana-2025-04-27
    titol: CURSA DE LA SANITAT CATALANA - CURSA DE L'ALDEA - MILLA URBANA DE RIPOLLET - CURSA MOSSOS D'ESQUADRA - CURSA POPULAR 3 VILES - CURSA DE MARTORELL
    resum: Vam començar el cap de setmana el divendres 11 amb la 30a Cursa Atlètica de la Sanitat Catalana, a l'entorn de
    fotos: 8 · paràgrafs CA/ES: 12/12
+ 2025-022 2025-05-11 /blog/marato-dempuries-mitja-desvern-geocatching-dartes-2025-05-11
    titol: MARATÓ D'EMPÚRIES - MITJA DESVERN - GEOCATCHING D'ARTÉS
    resum: El dissabte 26 d'abril es va celebrar la prova de 5 km de la Marató d'Empúries, que celebrava dues dècades, or
    fotos: 3 · paràgrafs CA/ES: 4/4
+ 2025-023 2025-05-11 /blog/marato-de-madrid-10k-de-camargo-marato-vies-verdes-girona-2025-05-11
    titol: MARATÓ DE MADRID - 10K DE CAMARGO - MARATÓ VIES VERDES GIRONA - MARATÓ DE LONDRES - 7K DEL RIU I MARATÓ PER EQUIPS - PUNK TRAIL DE CALAF
    resum: Seguim amb curses del diumenge 27 d'abril:
    fotos: 0 · paràgrafs CA/ES: 8/8
+ 2025-024 2025-05-11 /blog/mitja-marato-del-mediterrani-cursa-del-pont-2025-05-11
    titol: MITJA MARATÓ DEL MEDITERRANI - CURSA DEL PONT
    resum: Vam acabar el diumenge 27 d'abril amb dues curses més:
    fotos: 3 · paràgrafs CA/ES: 4/4
+ 2025-025 2025-05-25 /blog/cursa-de-les-tortugues-cursa-de-montgat-tuga-trail-2025-05-25
    titol: CURSA DE LES TORTUGUES - CURSA DE MONTGAT - TUGA TRAIL
    resum: El dijous 1 de maig, festiu a tot Espanya, vam començar amb la Cursa de les Tortugues, a la Garriga, amb dues 
    fotos: 0 · paràgrafs CA/ES: 4/4
+ 2025-026 2025-05-25 /blog/campionat-despanya-de-50-km-i-100-km-cursa-de-cardedeu-2025-05-25
    titol: CAMPIONAT D'ESPANYA DE 50 KM I 100 KM - CURSA DE CARDEDEU
    resum: (Cap de setmana del 3 i 4 de maig de 2025).
    fotos: 3 · paràgrafs CA/ES: 4/4
+ 2025-027 2025-05-25 /blog/transvulcania-marato-cursa-interempreses-can-gavarra-2025-05-25
    titol: TRANSVULCANIA MARATÓ - CURSA INTEREMPRESES CAN GAVARRA
    resum: El dissabte 10 de maig vam participar a la Transvulcania Marató, un trail molt dur a l'illa de La Palma, amb u
    fotos: 4 · paràgrafs CA/ES: 3/3
+ 2025-028 2025-05-25 /blog/cursa-delta-prat-cursa-el-corte-ingles-trail-selva-maritima-2025-05-25
    titol: CURSA DELTA PRAT - CURSA EL CORTE INGLÉS - TRAIL SELVA MARÍTIMA - XTRAIL SERIES VALLGORGUINA - CURSA DES-CONNECTA
    resum: Continuem amb el cap de setmana del 10 i 11 de maig.
    fotos: 6 · paràgrafs CA/ES: 6/6
+ 2025-029 2025-06-01 /blog/20e-meeting-internacional-datletisme-paralimpic-cursa-de-la-2025-06-01
    titol: 20è MEETING INTERNACIONAL D'ATLETISME PARALÍMPIC - CURSA DE LA CERVESA - MITJA MARATÓ DE POLLENÇA
    resum: El dissabte 17 de maig es va celebrar a l'Hospitalet de Llobregat el 20è Meeting Internacional d'Atletisme Par
    fotos: 4 · paràgrafs CA/ES: 5/5
+ 2025-030 2025-06-01 /blog/12a-cursa-5k-i-10k-ciutat-de-vilanova-2025-06-01
    titol: 12a CURSA 5K I 10K CIUTAT DE VILANOVA
    resum: Ja el diumenge vam començar a Vilanova i la Geltrú amb la 12a Cursa 5K i 10K Ciutat de Vilanova, que acollia e
    fotos: 2 · paràgrafs CA/ES: 7/7
+ 2025-031 2025-06-01 /blog/trails-runthrough-girona-cursa-dir-diagonal-vigia-trail-2025-06-01
    titol: TRAILS RUNTHROUGH GIRONA - CURSA DIR DIAGONAL - VIGÍA TRAIL - CURSA SOLIDÀRIA CIUTAT D'ESPLUGUES - SAMUNTÀ TRAIL - TRAVESSA D'ENCAMP
    resum: El dissabte 24 de maig es va celebrar a Girona el Trail Runthrough Girona, amb distàncies de 5, 26, 50 i 103 k
    fotos: 5 · paràgrafs CA/ES: 9/9
+ 2025-032 2025-06-08 /blog/cursa-per-collserola-cursa-nocturna-de-cornella-rcde-2025-06-08
    titol: CURSA PER COLLSEROLA - CURSA NOCTURNA DE CORNELLÀ RCDE RUNNING 1900
    resum: (Cap de setmana del 31 de maig i 1 de juny).
    fotos: 2 · paràgrafs CA/ES: 4/4
+ 2025-033 2025-06-09 /blog/xxvii-meeting-basauri-probak-pujada-de-baga-al-coll-de-pal-2025-06-09
    titol: XXVII MEETING BASAURI PROBAK - PUJADA DE BAGÀ AL COLL DE PAL - CURSA ELS 10 DE SANTA - CURSA SOLIDÀRIA PER L'ELA - CURSA RAMON OLIU
    resum: (Cap de setmana del 31 de maig i 1 de juny).
    fotos: 6 · paràgrafs CA/ES: 7/7
+ 2025-034 2025-06-22 /blog/10k-nocturna-de-gandia-ferradura-de-vall-llobrega-trail-2025-06-22
    titol: 10K NOCTURNA DE GANDIA - FERRADURA DE VALL-LLOBREGA - TRAIL MALALTIES MINORITÀRIES - CURSA DE PINEDA DE MAR - LA CURSIVA - RUNNING SERIES DE LA SÉNIA 5K
    resum: Vam començar dissabte a la nit al País Valencià, disputant la 10K Nocturna de Gandia. Una cursa completament p
    fotos: 5 · paràgrafs CA/ES: 9/9
+ 2025-035 2025-06-29 /blog/marxa-culer-survivor-race-isleta-extreme-cursa-del-foc-milla-2025-06-29
    titol: MARXA CULER - SURVIVOR RACE - ISLETA EXTREME - CURSA DEL FOC (MILLA)
    resum: (Cap de setmana del 13, 14 i 15 de juny).
    fotos: 4 · paràgrafs CA/ES: 7/7
+ 2025-036 2025-06-29 /blog/cursa-del-foc-cursa-10-blaus-de-gracia-cursa-entrepobles-2025-06-29
    titol: CURSA DEL FOC - CURSA 10 BLAUS DE GRÀCIA - CURSA ENTREPOBLES ALT EMPORDÀ - CURSA DE LA CAMPANA
    resum: (Cap de setmana del 13, 14 i 15 de juny).
    fotos: 4 · paràgrafs CA/ES: 6/6

43 posts per crear, 164 fotos per pujar
Backup: 89 posts -> news-import\backups\posts-2026-09-14T08-18-56-243Z.json
✓ 2024-062 /blog/cursa-de-sant-andreu-cursa-5k-de-viladecans-2025-01-01 (5 fotos)
✓ 2024-063 /blog/24-hores-dultrafons-en-pista-cursa-de-la-sagrera-mitja-2025-01-01 (4 fotos)
✓ 2024-064 /blog/cursa-dels-elfs-cursa-del-pare-noel-21-22122024-2025-01-12 (3 fotos)
✓ 2024-065 /blog/sant-silvestre-del-masnou-2025-01-16 (1 fotos)
✓ 2024-066 /blog/cursa-el-capo-puja-al-castell-2025-01-16 (2 fotos)
✓ 2024-067 /blog/sant-silvestre-racc-de-badalona-sant-silvestre-de-polinya-2025-01-19 (2 fotos)
✓ 2024-068 /blog/cursa-dels-nassos-sant-silvestre-de-bossost-san-silvestre-2025-01-19 (5 fotos)
✓ 2025-001 /blog/cursa-popular-crematorrons-cursa-de-reis-de-cornella-2025-01-19 (4 fotos)
✓ 2025-002 /blog/cursa-mar-i-murtra-mitja-marato-de-sitges-cinc-cims-2025-01-23 (5 fotos)
✓ 2025-003 /blog/cursa-popular-de-polinya-cursa-de-sant-antoni-de-jaen-trail-2025-01-23 (8 fotos)
✓ 2025-004 /blog/cursa-de-sant-antoni-mitja-marato-de-terrassa-2025-02-02 (3 fotos)
✓ 2025-005 /blog/mitja-marato-de-sevilla-klassmark-marato-costa-brava-la-2025-02-02 (7 fotos)
✓ 2025-006 /blog/santkutrail-mitja-marato-de-sant-cugat-the-life-time-miami-2025-02-09 (4 fotos)
✓ 2025-007 /blog/gala-de-premis-lliga-championchip-2024-2025-02-23 (2 fotos)
✓ 2025-008 /blog/mitja-colomenca-senders-de-can-costa-2025-02-23 (4 fotos)
✓ 2025-009 /blog/mitja-marato-de-barcelona-xtrail-series-run-mataro-canicros-2025-03-02 (4 fotos)
✓ 2025-010 /blog/marato-de-sevilla-cursa-malalties-minoritaries-sismica-race-2025-03-09 (7 fotos)
✓ 2025-011 /blog/mitja-marato-de-granollers-unirun-2025-03-16 (3 fotos)
✓ 2025-012 /blog/mitja-marato-de-lisboa-cursa-de-lampolla-oli-trail-2025-03-16 (3 fotos)
✓ 2025-013 /blog/cursa-de-la-dona-de-santa-coloma-de-gramenet-2025-03-23 (2 fotos)
✓ 2025-014 /blog/zurich-marato-de-barcelona-2025-2025-03-23 (2 fotos)
✓ 2025-015 /blog/marato-de-roma-mitja-marato-de-saragossa-campionat-de-2025-03-23 (4 fotos)
✓ 2025-016 /blog/premis-de-la-lliga-del-circuit-nacional-de-running-platano-2025-04-06 (2 fotos)
✓ 2025-017 /blog/cursa-sant-pau-cursa-ponle-freno-mitja-marato-de-malaga-2025-04-09 (8 fotos)
✓ 2025-018 /blog/cursa-benefica-esclerosi-multiple-ultra-trail-muntanyes-2025-04-13 (3 fotos)
✓ 2025-019 /blog/mitja-marato-montornes-2025-campionat-de-catalunya-2025-04-18 (2 fotos)
✓ 2025-020 /blog/cursa-medijocs-xiv-ruta-de-las-fortalezas-cursa-de-la-roca-2025-04-18 (6 fotos)
✓ 2025-021 /blog/cursa-de-la-sanitat-catalana-cursa-de-laldea-milla-urbana-2025-04-27 (8 fotos)
✓ 2025-022 /blog/marato-dempuries-mitja-desvern-geocatching-dartes-2025-05-11 (3 fotos)
✓ 2025-023 /blog/marato-de-madrid-10k-de-camargo-marato-vies-verdes-girona-2025-05-11 (0 fotos)
✓ 2025-024 /blog/mitja-marato-del-mediterrani-cursa-del-pont-2025-05-11 (3 fotos)
✓ 2025-025 /blog/cursa-de-les-tortugues-cursa-de-montgat-tuga-trail-2025-05-25 (0 fotos)
✓ 2025-026 /blog/campionat-despanya-de-50-km-i-100-km-cursa-de-cardedeu-2025-05-25 (3 fotos)
✓ 2025-027 /blog/transvulcania-marato-cursa-interempreses-can-gavarra-2025-05-25 (4 fotos)
✓ 2025-028 /blog/cursa-delta-prat-cursa-el-corte-ingles-trail-selva-maritima-2025-05-25 (6 fotos)
✓ 2025-029 /blog/20e-meeting-internacional-datletisme-paralimpic-cursa-de-la-2025-06-01 (4 fotos)
✓ 2025-030 /blog/12a-cursa-5k-i-10k-ciutat-de-vilanova-2025-06-01 (2 fotos)
✓ 2025-031 /blog/trails-runthrough-girona-cursa-dir-diagonal-vigia-trail-2025-06-01 (5 fotos)
✓ 2025-032 /blog/cursa-per-collserola-cursa-nocturna-de-cornella-rcde-2025-06-08 (2 fotos)
✓ 2025-033 /blog/xxvii-meeting-basauri-probak-pujada-de-baga-al-coll-de-pal-2025-06-09 (6 fotos)
✓ 2025-034 /blog/10k-nocturna-de-gandia-ferradura-de-vall-llobrega-trail-2025-06-22 (5 fotos)
✓ 2025-035 /blog/marxa-culer-survivor-race-isleta-extreme-cursa-del-foc-milla-2025-06-29 (4 fotos)
✓ 2025-036 /blog/cursa-del-foc-cursa-10-blaus-de-gracia-cursa-entrepobles-2025-06-29 (4 fotos)

Fet: 43 creats, 0 errors. Log: news-import\logs\apply-2025-H1-2026-09-14T08-18-56-243Z.log
