# APPLY lot 2025-H2 (2025-07-01 → 2025-12-31) · 34 publicacions
+ 2025-037 2025-07-06 /blog/cursa-5k-ciutat-cooperativa-moli-nou-font-romeu-marxa-2025-07-06
    titol: CURSA 5K CIUTAT COOPERATIVA - MOLÍ NOU - FONT ROMEU - MARXA POPULAR BEGUR - PUJADA ERMITA DE SANT JOAN - CROS DE SANT JOAN
    resum: (Diumenge 22 de juny de 2025 i dimarts 24 de juny de 2025, festiu de Sant Joan).
    fotos: 8 · paràgrafs CA/ES: 8/8
+ 2025-038 2025-07-13 /blog/cursa-destiu-de-premia-de-mar-cursa-del-dimoni-cursa-lo-2025-07-13
    titol: CURSA D'ESTIU DE PREMIÀ DE MAR - CURSA DEL DIMONI - CURSA LO BALCÓ DEL DELTA - GARMIN MOUNTAIN FESTIVAL - MILLA URBANA SANT PERE
    resum: (Cap de setmana del 28 i 29 de juny de 2025).
    fotos: 5 · paràgrafs CA/ES: 9/9
+ 2025-039 2025-07-20 /blog/cursa-dani-vilassar-de-mar-trail-destiu-de-baga-cursa-de-2025-07-20
    titol: CURSA DANI VILASSAR DE MAR - TRAIL D'ESTIU DE BAGÀ - CURSA DE FESTA MAJOR DE BARBERÀ
    resum: (Cap de setmana del 5 i 6 de juliol de 2025).
    fotos: 3 · paràgrafs CA/ES: 6/6
+ 2025-040 2025-07-20 /blog/cursa-de-palleja-2025-07-20
    titol: CURSA DE PALLEJÀ
    resum: (Cap de setmana del 5 i 6 de juliol de 2025).
    fotos: 2 · paràgrafs CA/ES: 4/4
+ 2025-041 2025-08-03 /blog/campionat-despanya-absolut-datletisme-de-persones-amb-2025-08-03
    titol: CAMPIONAT D'ESPANYA ABSOLUT D'ATLETISME DE PERSONES AMB DISCAPACITAT PER CLUBS
    resum: El diumenge 13 de juliol, la nostra atleta Rocío Rios va participar al Campionat d'Espanya Absolut d'Atletisme
    fotos: 3 · paràgrafs CA/ES: 2/2
+ 2025-042 2025-08-03 /blog/pujada-a-la-bola-del-rat-penat-2025-08-03
    titol: PUJADA A LA BOLA DEL RAT PENAT
    resum: (Cap de setmana del 18, 19 i 20 de juliol de 2025).
    fotos: 3 · paràgrafs CA/ES: 3/3
+ 2025-043 2025-08-06 /blog/cursa-de-la-granada-cursa-del-poble-sec-ultrariege-2025-08-06
    titol: CURSA DE LA GRANADA - CURSA DEL POBLE-SEC - ULTRARIÈGE
    resum: (Cap de setmana del 18, 19 i 20 de juliol de 2025).
    fotos: 6 · paràgrafs CA/ES: 6/6
+ 2025-044 2025-08-24 /blog/cursa-de-lespluga-de-francoli-cursa-popular-les-santes-2025-08-24
    titol: CURSA DE L'ESPLUGA DE FRANCOLÍ - CURSA POPULAR LES SANTES
    resum: (Cap de setmana del 26 i 27 de juliol i dilluns 28 de juliol de 2025).
    fotos: 5 · paràgrafs CA/ES: 5/5
+ 2025-045 2025-08-24 /blog/cursa-popular-de-la-garriga-cursa-campi-qui-pugui-2025-08-24
    titol: CURSA POPULAR DE LA GARRIGA - CURSA «CAMPI QUI PUGUI»
    resum: (Cap de setmana del 2 i 3 d'agost de 2025).
    fotos: 3 · paràgrafs CA/ES: 3/3
+ 2025-046 2025-08-31 /blog/cursa-de-roda-de-bera-2025-08-31
    titol: CURSA DE RODA DE BERÀ
    resum: (Cap de setmana del 9 i 10 d'agost de 2025).
    fotos: 2 · paràgrafs CA/ES: 3/3
+ 2025-047 2025-08-31 /blog/xli-pujada-al-pic-veleta-2025-08-31
    titol: XLI PUJADA AL PIC VELETA
    resum: (Cap de setmana del 9 i 10 d'agost de 2025).
    fotos: 1 · paràgrafs CA/ES: 3/3
+ 2025-048 2025-08-31 /blog/cursa-de-manlleu-2025-08-31
    titol: CURSA DE MANLLEU
    resum: El divendres 15 d'agost, festiu en aquest mes de vacances, vam córrer la 48a Cursa de la Festa Major de Manlle
    fotos: 3 · paràgrafs CA/ES: 4/4
+ 2025-049 2025-08-31 /blog/punktrail-la-coromina-cursa-de-muntanya-llagostera-cursa-de-2025-08-31
    titol: PUNKTRAIL LA COROMINA - CURSA DE MUNTANYA LLAGOSTERA - CURSA DE CASTELLBISBAL
    resum: (Cap de setmana del 22, 23 i 24 d'agost de 2025).
    fotos: 3 · paràgrafs CA/ES: 7/7
+ 2025-050 2025-09-14 /blog/marato-vall-de-cardos-cursa-solidaria-la-farga-cursa-de-2025-09-14
    titol: MARATÓ VALL DE CARDÓS - CURSA SOLIDÀRIA LA FARGA - CURSA DE RIPOLLET - CURSA FESTA MAJOR DE SANTS
    resum: (Cap de setmana del 30 i 31 d'agost de 2025).
    fotos: 6 · paràgrafs CA/ES: 7/7
+ 2025-051 2025-09-21 /blog/cursa-festa-major-de-santa-coloma-cursa-festa-major-de-2025-09-21
    titol: CURSA FESTA MAJOR DE SANTA COLOMA - CURSA FESTA MAJOR DE SANTA PERPÈTUA - CURSA DE LA VINYA I PÀMPOL TRAIL - CURSA FESTA MAJOR DE SABADELL
    resum: (Cap de setmana del 6 i 7 de setembre de 2025).
    fotos: 3 · paràgrafs CA/ES: 7/7
+ 2025-052 2025-09-21 /blog/cursa-popular-de-viladecans-cursa-popular-de-la-vall-del-2025-09-21
    titol: CURSA POPULAR DE VILADECANS - CURSA POPULAR DE LA VALL DEL TENES - CROS POPULAR DE SANTA COLOMA - CURSA DE BELLATERRA
    resum: El dijous 11 de setembre, festiu a Catalunya per la Diada, vam córrer la Cursa Popular de Viladecans 5K, que c
    fotos: 4 · paràgrafs CA/ES: 5/5
+ 2025-053 2025-09-28 /blog/matagalls-montserrat-cros-lametlla-de-merola-cursa-poblats-2025-09-28
    titol: MATAGALLS MONTSERRAT - CROS L'AMETLLA DE MEROLA - CURSA POBLATS IBÈRICS
    resum: (Cap de setmana del 13 i 14 de setembre de 2025).
    fotos: 5 · paràgrafs CA/ES: 6/6
+ 2025-054 2025-10-05 /blog/cursa-10k-i-5k-de-jesus-cursa-festa-major-de-sant-feliu-de-2025-10-05
    titol: CURSA 10K I 5K DE JESÚS - CURSA FESTA MAJOR DE SANT FELIU DE CODINES - CURSA VILLA DE RIBADESELLA
    resum: (Cap de setmana del 20 i 21 de setembre de 2025).
    fotos: 2 · paràgrafs CA/ES: 5/5
+ 2025-055 2025-10-12 /blog/cursa-de-la-merce-cursa-popular-de-sant-miquel-murtrail-2025-10-12
    titol: CURSA DE LA MERCÈ - CURSA POPULAR DE SANT MIQUEL - MURTRAIL
    resum: (Cap de setmana del 20 i 21 de setembre de 2025).
    fotos: 3 · paràgrafs CA/ES: 5/5
+ 2025-056 2025-10-12 /blog/cursa-del-margallo-cursa-del-pont-de-vilomara-i-rocafort-2025-10-12
    titol: CURSA DEL MARGALLÓ - CURSA DEL PONT DE VILOMARA I ROCAFORT - MITJA MARATÓ COSTA BARCELONA MARESME
    resum: (Cap de setmana del 27 i 28 de setembre de 2025).
    fotos: 2 · paràgrafs CA/ES: 6/6
+ 2025-057 2025-10-12 /blog/trail-valls-del-freser-cursa-de-la-llagosta-2025-10-12
    titol: TRAIL VALLS DEL FRESER - CURSA DE LA LLAGOSTA
    resum: (Cap de setmana del 27 i 28 de setembre de 2025).
    fotos: 3 · paràgrafs CA/ES: 5/5
+ 2025-058 2025-10-19 /blog/salomon-ultra-pirineu-2025-10-19
    titol: SALOMON ULTRA PIRINEU
    resum: (Cap de setmana del 4 i 5 d'octubre de 2025).
    fotos: 2 · paràgrafs CA/ES: 3/3
+ 2025-059 2025-10-19 /blog/mitja-marato-de-puigcerda-cursa-fanny-salles-cursa-de-la-2025-10-19
    titol: MITJA MARATÓ DE PUIGCERDÀ - CURSA FANNY SALLÉS - CURSA DE LA TARDOR - CURSA DE PARETS DEL VALLÈS - CURSA NICK HORTA
    resum: El diumenge vam participar a la Mitja Marató de Puigcerdà, en un circuit per la plana de la Cerdanya que passa
    fotos: 4 · paràgrafs CA/ES: 6/6
+ 2025-060 2025-11-02 /blog/100-km-bdn-challenge-cursa-del-torro-cursa-de-les-batalles-2025-11-02
    titol: 100 KM BDN CHALLENGE - CURSA DEL TORRÓ - CURSA DE LES BATALLES - CURSA DEL REMEI - CURSA LO CARRILET - CURSA PER LA PARÀLISI CEREBRAL
    resum: (Cap de setmana de l'11 i 12 d'octubre de 2025).
    fotos: 8 · paràgrafs CA/ES: 9/9
+ 2025-061 2025-11-02 /blog/cursa-lluis-companys-cursa-santa-margarida-i-els-monjos-2025-11-02
    titol: CURSA LLUÍS COMPANYS - CURSA SANTA MARGARIDA I ELS MONJOS - METROPOLITAN SKY RUN
    resum: (Cap de setmana del 18 i 19 d'octubre de 2025).
    fotos: 5 · paràgrafs CA/ES: 5/5
+ 2025-062 2025-11-09 /blog/fun-trail-barcelona-cursa-popular-ciutat-de-cornella-cros-2025-11-09
    titol: FUN TRAIL BARCELONA - CURSA POPULAR CIUTAT DE CORNELLÀ - CROS DE SANTS - MARXA BONESVALLS
    resum: (Cap de setmana del 18 i 19 d'octubre de 2025).
    fotos: 7 · paràgrafs CA/ES: 6/6
+ 2025-063 2025-11-09 /blog/tast-de-la-mitja-la-vicentina-10-km-salinas-mitja-marato-de-2025-11-09
    titol: TAST DE LA MITJA - LA VICENTINA - 10 KM SALINAS - MITJA MARATÓ DE GAVÀ - IRISH LIFE MARATÓ DE DUBLÍN - CURSA BEER RUNNERS BARCELONA
    resum: (Cap de setmana del 25 i 26 d'octubre de 2025).
    fotos: 8 · paràgrafs CA/ES: 9/9
+ 2025-064 2025-11-16 /blog/cursa-buff-montjuic-tibidabo-marato-de-nova-york-cursa-2025-11-16
    titol: CURSA BUFF MONTJUÏC TIBIDABO - MARATÓ DE NOVA YORK - CURSA POPULAR DE SANT MARTÍ - TRAIL DE LES CAVES I SERRALATS - VALLALTA TRAIL - CANICRÒS EL FIGARÓ
    resum: (Cap de setmana de l'1 i 2 de novembre de 2025).
    fotos: 8 · paràgrafs CA/ES: 9/9
+ 2025-065 2025-11-23 /blog/cros-de-cardedeu-behobia-sant-sebastia-cursa-de-bombers-2025-11-23
    titol: CROS DE CARDEDEU - BEHOBIA-SANT SEBASTIÀ - CURSA DE BOMBERS - SALIGARDA TRAIL
    resum: (Cap de setmana del 8 i 9 de novembre de 2025).
    fotos: 4 · paràgrafs CA/ES: 7/7
+ 2025-066 2025-12-08 /blog/antena-solidaria-trail-pedralbes-milles-nocturnes-de-2025-12-08
    titol: ANTENA SOLIDÀRIA-TRAIL PEDRALBES - MILLES NOCTURNES DE CERDANYOLA - CRONOESCALADA CABRAFEIXET
    resum: (Cap de setmana del 15 i 16 de novembre de 2025).
    fotos: 3 · paràgrafs CA/ES: 5/5
+ 2025-067 2025-12-08 /blog/mitja-dani-maresme-mitja-espirall-cross-de-can-mercader-10k-2025-12-08
    titol: MITJA DANI MARESME - MITJA ESPIRALL - CROSS DE CAN MERCADER - 10K DE VIC - VINYA-CROSS SOLIDARI OLLER DEL MAS - ELS 10 DE LES FRANQUESES - CURSA DE LA DONA - PONLE FRENO MADRID
    resum: (Cap de setmana del 15 i 16 de novembre de 2025).
    fotos: 8 · paràgrafs CA/ES: 10/10
+ 2025-068 2025-12-08 /blog/pujada-i-baixada-a-guanta-cursa-popular-vila-de-sant-boi-2025-12-08
    titol: PUJADA I BAIXADA A GUANTA - CURSA POPULAR VILA DE SANT BOI - CORREBLAU - MARATÓ DE SANT SEBASTIÀ - LA PALAUENCA - GOS SOLIDARI BAIX PENEDÈS
    resum: (Cap de setmana del 22 i 23 de novembre de 2025).
    fotos: 7 · paràgrafs CA/ES: 8/8
+ 2025-069 2025-12-14 /blog/trail-sant-climent-cursa-jean-bouin-mitja-marato-de-cordova-2025-12-14
    titol: TRAIL SANT CLIMENT - CURSA JEAN BOUIN - MITJA MARATÓ DE CÒRDOVA - CURSA 5K SANT VICENÇ DE MONTALT - MARATÓ D'ELX
    resum: (Cap de setmana del 29 i 30 de novembre de 2025).
    fotos: 5 · paràgrafs CA/ES: 8/8
+ 2025-070 2025-12-22 /blog/cursa-sant-andreu-5k-marato-de-lanzarote-marato-de-valencia-2025-12-22
    titol: CURSA SANT ANDREU 5K - MARATÓ DE LANZAROTE - MARATÓ DE VALÈNCIA - LA SANSI DE VILADECANS 5K - IMPERIAL TARRACO TRAIL
    resum: (Cap de setmana del 6 i 7 de desembre de 2025).
    fotos: 7 · paràgrafs CA/ES: 8/8

34 posts per crear, 151 fotos per pujar
Backup: 132 posts -> news-import\backups\posts-2026-09-14T08-24-40-039Z.json
✓ 2025-037 /blog/cursa-5k-ciutat-cooperativa-moli-nou-font-romeu-marxa-2025-07-06 (8 fotos)
✓ 2025-038 /blog/cursa-destiu-de-premia-de-mar-cursa-del-dimoni-cursa-lo-2025-07-13 (5 fotos)
✓ 2025-039 /blog/cursa-dani-vilassar-de-mar-trail-destiu-de-baga-cursa-de-2025-07-20 (3 fotos)
✓ 2025-040 /blog/cursa-de-palleja-2025-07-20 (2 fotos)
✓ 2025-041 /blog/campionat-despanya-absolut-datletisme-de-persones-amb-2025-08-03 (3 fotos)
✓ 2025-042 /blog/pujada-a-la-bola-del-rat-penat-2025-08-03 (3 fotos)
✓ 2025-043 /blog/cursa-de-la-granada-cursa-del-poble-sec-ultrariege-2025-08-06 (6 fotos)
✓ 2025-044 /blog/cursa-de-lespluga-de-francoli-cursa-popular-les-santes-2025-08-24 (5 fotos)
✓ 2025-045 /blog/cursa-popular-de-la-garriga-cursa-campi-qui-pugui-2025-08-24 (3 fotos)
✓ 2025-046 /blog/cursa-de-roda-de-bera-2025-08-31 (2 fotos)
✓ 2025-047 /blog/xli-pujada-al-pic-veleta-2025-08-31 (1 fotos)
✓ 2025-048 /blog/cursa-de-manlleu-2025-08-31 (3 fotos)
✓ 2025-049 /blog/punktrail-la-coromina-cursa-de-muntanya-llagostera-cursa-de-2025-08-31 (3 fotos)
✓ 2025-050 /blog/marato-vall-de-cardos-cursa-solidaria-la-farga-cursa-de-2025-09-14 (6 fotos)
✓ 2025-051 /blog/cursa-festa-major-de-santa-coloma-cursa-festa-major-de-2025-09-21 (3 fotos)
✓ 2025-052 /blog/cursa-popular-de-viladecans-cursa-popular-de-la-vall-del-2025-09-21 (4 fotos)
✓ 2025-053 /blog/matagalls-montserrat-cros-lametlla-de-merola-cursa-poblats-2025-09-28 (5 fotos)
✓ 2025-054 /blog/cursa-10k-i-5k-de-jesus-cursa-festa-major-de-sant-feliu-de-2025-10-05 (2 fotos)
✓ 2025-055 /blog/cursa-de-la-merce-cursa-popular-de-sant-miquel-murtrail-2025-10-12 (3 fotos)
✓ 2025-056 /blog/cursa-del-margallo-cursa-del-pont-de-vilomara-i-rocafort-2025-10-12 (2 fotos)
✓ 2025-057 /blog/trail-valls-del-freser-cursa-de-la-llagosta-2025-10-12 (3 fotos)
✓ 2025-058 /blog/salomon-ultra-pirineu-2025-10-19 (2 fotos)
✓ 2025-059 /blog/mitja-marato-de-puigcerda-cursa-fanny-salles-cursa-de-la-2025-10-19 (4 fotos)
✓ 2025-060 /blog/100-km-bdn-challenge-cursa-del-torro-cursa-de-les-batalles-2025-11-02 (8 fotos)
✓ 2025-061 /blog/cursa-lluis-companys-cursa-santa-margarida-i-els-monjos-2025-11-02 (5 fotos)
✓ 2025-062 /blog/fun-trail-barcelona-cursa-popular-ciutat-de-cornella-cros-2025-11-09 (7 fotos)
✓ 2025-063 /blog/tast-de-la-mitja-la-vicentina-10-km-salinas-mitja-marato-de-2025-11-09 (8 fotos)
✓ 2025-064 /blog/cursa-buff-montjuic-tibidabo-marato-de-nova-york-cursa-2025-11-16 (8 fotos)
✓ 2025-065 /blog/cros-de-cardedeu-behobia-sant-sebastia-cursa-de-bombers-2025-11-23 (4 fotos)
✓ 2025-066 /blog/antena-solidaria-trail-pedralbes-milles-nocturnes-de-2025-12-08 (3 fotos)
✓ 2025-067 /blog/mitja-dani-maresme-mitja-espirall-cross-de-can-mercader-10k-2025-12-08 (8 fotos)
✓ 2025-068 /blog/pujada-i-baixada-a-guanta-cursa-popular-vila-de-sant-boi-2025-12-08 (7 fotos)
✓ 2025-069 /blog/trail-sant-climent-cursa-jean-bouin-mitja-marato-de-cordova-2025-12-14 (5 fotos)
✓ 2025-070 /blog/cursa-sant-andreu-5k-marato-de-lanzarote-marato-de-valencia-2025-12-22 (7 fotos)

Fet: 34 creats, 0 errors. Log: news-import\logs\apply-2025-H2-2026-09-14T08-24-40-039Z.log
