# DRY-RUN lot 2024-H1 (2024-01-01 → 2024-06-30) · 31 publicacions
+ 2023-026 2024-01-21 /blog/marato-de-valencia-pujada-i-baixada-a-guanta-2024-01-21
    titol: MARATÓ DE VALÈNCIA - PUJADA I BAIXADA A GUANTA
    resum: El cap de setmana del 2 i 3 de desembre es va celebrar la marató més important d'Espanya i una de les més ràpi
    fotos: 2 · paràgrafs CA/ES: 2/2
+ 2023-027 2024-01-21 /blog/cursa-de-sant-andreu-la-sansi-de-viladecans-2024-01-21
    titol: CURSA DE SANT ANDREU - LA SANSI DE VILADECANS
    resum: El festiu del 6 de desembre es va celebrar la ja tradicional Cursa de Sant Andreu, en un circuit rapidíssim de
    fotos: 2 · paràgrafs CA/ES: 2/2
+ 2024-001 2024-01-24 /blog/cursa-solidaria-de-reis-de-cornella-2024-01-24
    titol: CURSA SOLIDÀRIA DE REIS DE CORNELLÀ
    resum: Vam començar l'any (7 de gener) a la Cursa Solidària de Reis de 5 km de Cornellà de Llobregat. Una cursa gens 
    fotos: 2 · paràgrafs CA/ES: 1/1
+ 2023-028 2024-02-10 /blog/cursa-la-nadalenca-mitja-marato-ciutat-de-vilanova-cursa-de-2024-02-10
    titol: CURSA LA NADALENCA - MITJA MARATÓ CIUTAT DE VILANOVA - CURSA DE LA SAGRERA - CURSA DE LES CIUTATS CONTRA EL CÀNCER DE PÀNCREES
    resum: El cap de setmana del 16 i 17 de desembre va estar ple de curses.
    fotos: 3 · paràgrafs CA/ES: 5/5
+ 2023-029 2024-02-24 /blog/sansi-del-masnou-el-capo-puja-al-castell-badalona-sabadell-2024-02-24
    titol: SANSI DEL MASNOU - EL CAPÓ PUJA AL CASTELL - BADALONA - SABADELL - CURSA DELS NASSOS - SAN SILVESTRE VALLECANA
    resum: Aquesta és la setmana clau de les Sant Silvestre a Catalunya.
    fotos: 5 · paràgrafs CA/ES: 6/6
+ 2024-002 2024-02-25 /blog/mitja-marato-de-sitges-2024-02-25
    titol: MITJA MARATÓ DE SITGES
    resum: Com ja és tradició, la segona setmana de gener se celebra una de les mitges maratons més boniques de l'any, la
    fotos: 6 · paràgrafs CA/ES: 1/1
+ 2024-003 2024-02-25 /blog/cursa-de-sant-antoni-trail-vila-de-creixell-cursa-sant-2024-02-25
    titol: CURSA DE SANT ANTONI - TRAIL VILA DE CREIXELL - CURSA SANT VICENÇ MOLLET DEL VALLÈS
    resum: El diumenge 21 de gener va estar ple de curses.
    fotos: 3 · paràgrafs CA/ES: 4/4
+ 2024-004 2024-03-03 /blog/mitja-marato-de-terrassa-senders-de-can-costa-mitja-marato-2024-03-03
    titol: MITJA MARATÓ DE TERRASSA - SENDERS DE CAN COSTA - MITJA MARATÓ DE SEVILLA
    resum: Comencem amb la Mitja de Terrassa, amb un dels circuits més durs pel puja-i-baixa constant, tot i que cal dest
    fotos: 3 · paràgrafs CA/ES: 4/4
+ 2024-005 2024-03-03 /blog/gala-championchip-2023-2024-03-03
    titol: GALA CHAMPIONCHIP 2023
    resum: El dissabte 3 de febrer de 2024 es va celebrar a Terrassa el lliurament de premis de la Lliga ChampionChip 202
    fotos: 2 · paràgrafs CA/ES: 15/15
+ 2024-006 2024-03-03 /blog/mitja-marato-de-santa-coloma-oli-trail-montserrat-2024-03-03
    titol: MITJA MARATÓ DE SANTA COLOMA - OLI TRAIL MONTSERRAT
    resum: El diumenge 4 de febrer es va celebrar la Mitja Marató de Santa Coloma, que també té la distància de 10 km. La
    fotos: 4 · paràgrafs CA/ES: 2/2
+ 2024-007 2024-03-16 /blog/mitja-de-barcelona-2024-2024-03-16
    titol: MITJA DE BARCELONA 2024
    resum: El diumenge 11 de febrer es va celebrar la Mitja de Barcelona, que va batre el rècord de participants amb gair
    fotos: 2 · paràgrafs CA/ES: 1/1
+ 2024-008 2024-03-16 /blog/cursa-de-muntanya-del-farell-entreno-de-30-km-al-canal-2024-03-16
    titol: CURSA DE MUNTANYA DEL FARELL - ENTRENO DE 30 KM AL CANAL OLÍMPIC
    resum: El diumenge 18 de febrer es va celebrar la Cursa de Muntanya del Farell, de 12,3 km, a Caldes de Montbui. Curs
    fotos: 2 · paràgrafs CA/ES: 2/2
+ 2024-009 2024-03-26 /blog/mitja-de-granollers-10k-de-granollers-i-quart-de-mitja-de-2024-03-26
    titol: MITJA DE GRANOLLERS, 10K DE GRANOLLERS I QUART DE MITJA DE GRANOLLERS 2024
    resum: Un any més s'ha celebrat la mítica Mitja de Granollers, potser la mitja marató més important de Catalunya i un
    fotos: 1 · paràgrafs CA/ES: 4/4
+ 2024-010 2024-03-26 /blog/marato-de-barcelona-2024-2024-03-26
    titol: MARATÓ DE BARCELONA 2024
    resum: El passat 10 de març es va celebrar la Marató de Barcelona, en un circuit nou que en teoria havia de ser més r
    fotos: 1 · paràgrafs CA/ES: 9/9
+ 2024-011 2024-03-27 /blog/cursa-de-sant-pau-trail-de-lloret-i-cursa-ponle-freno-2024-2024-03-27
    titol: CURSA DE SANT PAU, TRAIL DE LLORET I CURSA PONLE FRENO 2024
    resum: Al recinte de l'Hospital de Sant Pau se celebra cada any una cursa atípica: cal fer 15 voltes a un circuit de 
    fotos: 5 · paràgrafs CA/ES: 4/4
+ 2024-012 2024-03-27 /blog/ultra-trail-de-barcelona-cursa-de-la-dona-2024-2024-03-27
    titol: ULTRA TRAIL DE BARCELONA - CURSA DE LA DONA 2024
    resum: Aquest dissabte es va celebrar l'Ultra Trail de Barcelona, que va canviar d'escenari i va passar de Castelldef
    fotos: 1 · paràgrafs CA/ES: 2/3
+ 2024-013 2024-03-28 /blog/cursa-de-caldes-destrac-2024-2024-03-28
    titol: CURSA DE CALDES D'ESTRAC 2024
    resum: A Caldes d'Estrac es va celebrar la Cursa de les 3 Viles. Cursa de 10 km amb un circuit ple de repetjons i gir
    fotos: 2 · paràgrafs CA/ES: 1/1
+ 2024-014 2024-04-03 /blog/pujada-de-baga-al-coll-de-pal-2024-04-03
    titol: PUJADA DE BAGÀ AL COLL DE PAL
    resum: El dissabte 30 de març es va celebrar una de les curses més mítiques i dures de Catalunya: la Pujada al Coll d
    fotos: 1 · paràgrafs CA/ES: 2/2
+ 2024-015 2024-04-16 /blog/entreno-oficial-mitja-del-mediterrani-2024-04-16
    titol: ENTRENO OFICIAL MITJA DEL MEDITERRANI
    resum: El dissabte 6 d'abril es va celebrar al Canal Olímpic de Castelldefels l'entreno oficial de la Marató del Medi
    fotos: 1 · paràgrafs CA/ES: 6/6
+ 2024-017 2024-04-16 /blog/cursa-mou-te-per-lesclerosi-multiple-vertical-sobrepuny-2024-04-16
    titol: CURSA MOU-TE PER L'ESCLEROSI MÚLTIPLE - VERTICAL SOBREPUNY - MITJA DEL PLA DE L'ESTANY - VOLTA A L'ESTANY DE BANYOLES - CURSA L'ENCANTADA - MOVISTAR MADRID MEDIO MARATÓN
    resum: El dissabte 6 d'abril es va celebrar una cursa benèfica organitzada per la Fundació Esclerosi Múltiple, en què
    fotos: 5 · paràgrafs CA/ES: 6/6
+ 2024-018 2024-04-18 /blog/marato-i-22k-deivissa-cursa-nocturna-de-lhospitalet-cursa-2024-04-18
    titol: MARATÓ I 22K D'EIVISSA - CURSA NOCTURNA DE L'HOSPITALET - CURSA MOSSOS D'ESQUADRA - MITJA MARATÓ DE CHICLANA - MARATÓ I 10K DE SARAGOSSA - MITJA DE MONTORNÈS
    resum: Aquest darrer cap de setmana (13 i 14 d'abril) ha estat carregat de curses, i hem tingut Sedentaris per tota l
    fotos: 6 · paràgrafs CA/ES: 7/7
+ 2024-019 2024-04-27 /blog/marato-del-mediterrani-marato-de-londres-2024-04-27
    titol: MARATÓ DEL MEDITERRANI - MARATÓ DE LONDRES
    resum: El diumenge 21 d'abril es va celebrar a Castelldefels la Marató del Mediterrani, que tenia 4 modalitats: 5 km,
    fotos: 5 · paràgrafs CA/ES: 4/4
+ 2024-020 2024-05-10 /blog/cursa-delta-del-prat-2024-2024-05-10
    titol: CURSA DELTA DEL PRAT 2024
    resum: El passat diumenge 28 d'abril es va celebrar al Prat de Llobregat, al Baix Llobregat, la 24a edició de la Curs
    fotos: 0 · paràgrafs CA/ES: 4/4
+ 2024-021 2024-05-10 /blog/mitja-desvern-marato-mitja-marato-i-10k-de-madrid-7k-del-2024-05-10
    titol: MITJA DESVERN - MARATÓ, MITJA MARATÓ I 10K DE MADRID - 7K DEL RIU I MARATÓ PER RELLEUS A CORNELLÀ - MITJA MARATÓ D'EMPÚRIES - CURSA MONTESCATANO
    resum: El dissabte 27 d'abril es va celebrar la Mitja de muntanya Desvern, a Sant Just Desvern, amb 3 distàncies: 8 k
    fotos: 6 · paràgrafs CA/ES: 5/5
+ 2024-022 2024-05-11 /blog/cursa-de-les-tortugues-mitja-marato-de-granada-cursa-el-2024-05-11
    titol: CURSA DE LES TORTUGUES - MITJA MARATÓ DE GRANADA - CURSA EL CORTE INGLÉS - MITJA DE MUNTANYA I 10K DE CARDEDEU - CURSA SOLIDÀRIA CIUTAT D'ESPLUGUES
    resum: El dimecres 1 de maig, festiu a tot Espanya, es va celebrar la ja tradicional Cursa de les Tortugues, a la Gar
    fotos: 5 · paràgrafs CA/ES: 5/5
+ 2024-023 2024-05-22 /blog/cursa-entrecultures-de-cornella-mitja-marato-de-pamplona-2024-05-22
    titol: CURSA ENTRECULTURES DE CORNELLÀ - MITJA MARATÓ DE PAMPLONA
    resum: El diumenge 12 de maig es va celebrar la cursa benèfica Entrecultures a Cornellà de Llobregat, amb tres distàn
    fotos: 3 · paràgrafs CA/ES: 2/2
+ 2024-024 2024-05-27 /blog/marato-vall-de-cardos-cursa-de-la-cervesa-cursa-de-sant-2024-05-27
    titol: MARATÓ VALL DE CARDÓS - CURSA DE LA CERVESA - CURSA DE SANT QUIRZE - CURSA DE NOU BARRIS
    resum: El cap de setmana del 18 i 19 de maig va estar carregat de curses, i els Sedentaris van córrer en moltíssimes.
    fotos: 9 · paràgrafs CA/ES: 5/5
+ 2024-025 2024-05-27 /blog/cursa-de-vilanova-cirera-trail-runfestival-tossa-de-mar-2024-05-27
    titol: CURSA DE VILANOVA - CIRERA TRAIL - RUNFESTIVAL TOSSA DE MAR - TRIATLÓ EMPURIABRAVA
    resum: Continuem amb el cap de setmana del 18 i 19 de maig.
    fotos: 4 · paràgrafs CA/ES: 5/5
+ 2024-026 2024-06-02 /blog/cursa-dir-guardia-urbana-fun-run-portaventura-vigia-trail-2024-06-02
    titol: CURSA DIR GUÀRDIA URBANA - FUN RUN PORTAVENTURA - VIGÍA TRAIL - TRAIL SANT ESTEVE
    resum: El diumenge 26 de maig es va celebrar la ja tradicional Cursa DIR Guàrdia Urbana, que recorre d'una punta a l'
    fotos: 5 · paràgrafs CA/ES: 5/5
+ 2024-027 2024-06-16 /blog/trail-arenys-de-mar-cursa-per-lela-sant-adria-de-besos-els-2024-06-16
    titol: TRAIL ARENYS DE MAR - CURSA PER L'ELA SANT ADRIÀ DE BESÒS - ELS 10 DE SANTA
    resum: El diumenge 2 de juny vam començar al Trail d'Arenys de Mar. Una cursa d'11 km amb gairebé 400 metres de desni
    fotos: 5 · paràgrafs CA/ES: 3/3
+ 2024-028 2024-06-16 /blog/cursa-per-collserola-cursa-de-pineda-de-mar-la-cursiva-de-2024-06-16
    titol: CURSA PER COLLSEROLA - CURSA DE PINEDA DE MAR - LA CURSIVA DE LLEFIÀ
    resum: Comencem pel dissabte 8 de juny, al Trail de Collserola, on els Sedentaris van participar en la modalitat de 1
    fotos: 6 · paràgrafs CA/ES: 3/3

31 posts per crear, 107 fotos per pujar
Dry-run: no s'ha escrit res. Log: news-import\logs\dry-run-2024-H1-2026-09-14T08-03-16-225Z.log
