# DRY-RUN lot 2023 (2023-01-01 → 2023-12-31) · 25 publicacions
+ 2023-001 2023-07-14 /blog/premia-de-mar-rcde-running-1900-montcalrun-palleja-2023-07-14
    titol: PREMIÀ DE MAR - RCDE RUNNING 1900 - MONTCALRUN - PALLEJÀ - CAMPIONAT DE CATALUNYA DE MILLA
    resum: El cap de setmana de l'1 i el 2 de juliol ha estat ple de curses i de Sedentaris, que hi han participat i han 
    fotos: 6 · paràgrafs CA/ES: 4/4
+ 2023-002 2023-07-26 /blog/cursa-ca-nanglada-cursa-dani-2023-07-26
    titol: CURSA CA N'ANGLADA - CURSA DANI
    resum: El dissabte 8 de juliol es va celebrar la Cursa Popular del barri de Ca n'Anglada, a Terrassa. Circuit de 5 km
    fotos: 2 · paràgrafs CA/ES: 5/5
+ 2023-003 2023-07-26 /blog/relleus-de-mataro-granada-del-penedes-nocturna-de-vilafant-2023-07-26
    titol: RELLEUS DE MATARÓ - GRANADA DEL PENEDÈS - NOCTURNA DE VILAFANT - 5K POBLE-SEC
    resum: El dissabte 15 de juliol es va celebrar la clàssica Mitja Marató per relleus de Mataró. Cada corredor fa 6 vol
    fotos: 6 · paràgrafs CA/ES: 7/7
+ 2023-004 2023-08-07 /blog/skyrace-comapedrosa-2023-2023-08-07
    titol: SKYRACE COMAPEDROSA 2023
    resum: El cap de setmana del 22 i 23 de juliol es va celebrar a Andorra la Skyrace Comapedrosa en les seves tres moda
    fotos: 3 · paràgrafs CA/ES: 2/2
+ 2023-005 2023-08-19 /blog/cursa-de-lespluga-de-francoli-cursa-de-la-garriga-4k-marxa-2023-08-19
    titol: CURSA DE L'ESPLUGA DE FRANCOLÍ - CURSA DE LA GARRIGA 4K - MARXA POPULAR DE SANT MAURICI - CROSS LA RUBIALADA
    resum: El cap de setmana del 29 i 30 de juliol va estar ple de curses. N'hem fet 4: la Cursa de l'Espluga de Francolí
    fotos: 7 · paràgrafs CA/ES: 7/7
+ 2023-006 2023-09-10 /blog/cursa-campi-qui-pugui-el-papiolet-2023-09-10
    titol: CURSA CAMPI QUI PUGUI (EL PAPIOLET)
    resum: El diumenge 6 d'agost es va celebrar la Cursa Campi Qui Pugui de 10 km al Papiolet. Una cursa majoritàriament 
    fotos: 2 · paràgrafs CA/ES: 3/3
+ 2023-007 2023-09-12 /blog/cursa-de-roda-de-bera-cursa-de-muntanya-de-platja-daro-2023-09-12
    titol: CURSA DE RODA DE BERÀ - CURSA DE MUNTANYA DE PLATJA D'ARO
    resum: El cap de setmana del 12 i 13 d'agost, els Sedentaris van participar en dues curses.
    fotos: 6 · paràgrafs CA/ES: 5/5
+ 2023-008 2023-09-16 /blog/cursa-de-puigcerda-2023-09-16
    titol: CURSA DE PUIGCERDÀ
    resum: El dimarts 15 d'agost, aprofitant que era festiu, es va celebrar la clàssica Cursa de Puigcerdà.
    fotos: 1 · paràgrafs CA/ES: 5/5
+ 2023-009 2023-09-16 /blog/cursa-de-festa-major-de-castellbisbal-2023-09-16
    titol: CURSA DE FESTA MAJOR DE CASTELLBISBAL
    resum: El 20 d'agost es va celebrar la Cursa de Festa Major de Castellbisbal, d'uns 6 km de distància.
    fotos: 2 · paràgrafs CA/ES: 3/3
+ 2023-010 2023-09-17 /blog/duatlo-carretera-vila-de-ripollet-cursa-festa-major-de-2023-09-17
    titol: DUATLÓ CARRETERA VILA DE RIPOLLET - CURSA FESTA MAJOR DE RIPOLLET
    resum: El cap de setmana del 26 i 27 d'agost es van disputar dues curses a Ripollet.
    fotos: 7 · paràgrafs CA/ES: 6/6
+ 2023-011 2023-09-25 /blog/cursa-de-la-vinya-de-sant-llorenc-dhortons-cursa-poblats-2023-09-25
    titol: CURSA DE LA VINYA DE SANT LLORENÇ D'HORTONS - CURSA POBLATS IBÈRICS - LA MARRANA SKYRACE
    resum: El cap de setmana del 2 i 3 de setembre ha estat carregat de curses, i els Sedentaris han participat en moltes
    fotos: 5 · paràgrafs CA/ES: 6/6
+ 2023-012 2023-09-25 /blog/43a-cursa-popular-de-viladecans-cursa-popular-de-la-vall-2023-09-25
    titol: 43A CURSA POPULAR DE VILADECANS - CURSA POPULAR DE LA VALL DEL TENES
    resum: El dilluns 11 de setembre, aprofitant el festiu de la Diada, es va celebrar la Cursa de Viladecans, que aquest
    fotos: 1 · paràgrafs CA/ES: 2/2
+ 2023-013 2023-10-01 /blog/cursa-de-la-merce-mitja-del-maresme-cross-lametlla-de-merola-2023-10-01
    titol: CURSA DE LA MERCÈ - MITJA DEL MARESME - CROSS L'AMETLLA DE MEROLA
    resum: El 17 de setembre es va celebrar una de les curses més importants i multitudinàries de Barcelona, la Cursa de 
    fotos: 3 · paràgrafs CA/ES: 4/4
+ 2023-014 2023-10-08 /blog/xii-cursa-sant-andreu-de-la-barca-2023-2023-10-08
    titol: XII CURSA SANT ANDREU DE LA BARCA 2023
    resum: El diumenge 8 d'octubre, amb la col·laboració del @ca.sab, l'ajuntament i els seus col·laboradors van organitz
    fotos: 1 · paràgrafs CA/ES: 5/5
+ 2023-015 2023-10-12 /blog/marato-de-berlin-10k-de-la-llagosta-la-rentree-de-badalona-2023-10-12
    titol: MARATÓ DE BERLÍN - 10K DE LA LLAGOSTA - LA RENTRÉE DE BADALONA - LA VENTALLONINA
    resum: El cap de setmana del 23 i 24 de setembre va estar carregat de curses i de grans esdeveniments.
    fotos: 5 · paràgrafs CA/ES: 6/6
+ 2023-016 2023-10-14 /blog/mitja-marato-de-logrono-cursa-nick-horta-cursa-els-10-blaus-2023-10-14
    titol: MITJA MARATÓ DE LOGROÑO - CURSA NICK HORTA - CURSA ELS 10 BLAUS DE GRÀCIA - CURSA MANTONS I PICAROLS
    resum: Un altre cap de setmana (30 de setembre i 1 d'octubre) amb Sedentaris participant en curses fora de Catalunya.
    fotos: 3 · paràgrafs CA/ES: 5/5
+ 2023-017 2023-10-16 /blog/marato-de-chicago-cursa-sant-andreu-de-la-barca-cursa-fanny-2023-10-16
    titol: MARATÓ DE CHICAGO - CURSA SANT ANDREU DE LA BARCA - CURSA FANNY SALLÉS (TERRASSA) - HISTÒRIC TRAIL CALAFELL
    resum: Aquest cap de setmana (7 i 8 d'octubre), com gairebé sempre, ha estat ple de curses, fins i tot fora del nostr
    fotos: 10 · paràgrafs CA/ES: 5/5
+ 2023-018 2023-10-16 /blog/marato-de-lleida-trail-la-megalitica-desert-run-2023-10-16
    titol: MARATÓ DE LLEIDA - TRAIL «LA MEGALÍTICA» - DESERT RUN
    resum: Aquest cap de setmana (14 i 15 d'octubre) s'han fet tres grans curses en què hem participat.
    fotos: 6 · paràgrafs CA/ES: 4/4
+ 2023-019 2023-10-28 /blog/cursa-santa-margarida-i-els-monjos-mitja-del-castell-bilbao-2023-10-28
    titol: CURSA SANTA MARGARIDA I ELS MONJOS - MITJA DEL CASTELL - BILBAO NIGHT HALF MARATHON - BINTER NIGHTRUN LAS PALMAS
    resum: El cap de setmana del 21 i 22 d'octubre va estar carregat de curses, la majoria fora de Catalunya.
    fotos: 4 · paràgrafs CA/ES: 5/5
+ 2023-020 2023-10-28 /blog/cursa-de-bombers-mitja-de-mollerussa-mitja-marato-de-2023-10-28
    titol: CURSA DE BOMBERS - MITJA DE MOLLERUSSA - MITJA MARATÓ DE VALÈNCIA - MARATÓ I 10K DE VENÈCIA
    resum: El diumenge 22 d'octubre es va celebrar la Cursa de Bombers a Barcelona, on va anar la majoria dels Sedentaris
    fotos: 5 · paràgrafs CA/ES: 4/4
+ 2023-021 2023-11-18 /blog/tast-de-la-mitja-cursa-10k-ciutat-de-cornella-marato-i-2023-11-18
    titol: TAST DE LA MITJA - CURSA 10K CIUTAT DE CORNELLÀ - MARATÓ I MITJA DE COLLSEROLA - MÀGIC BDN RUNNING
    resum: El cap de setmana del 28 i 29 d'octubre s'ha competit en diverses curses.
    fotos: 3 · paràgrafs CA/ES: 5/5
+ 2023-022 2023-12-02 /blog/montjuic-tibidabo-cursa-lluis-companys-cursa-de-sant-boi-2023-12-02
    titol: MONTJUÏC-TIBIDABO - CURSA LLUÍS COMPANYS - CURSA DE SANT BOI - CROSS DE SANTS
    resum: La setmana del 30 d'octubre al 5 de novembre vam tenir curses tant el cap de setmana com entre setmana, pel fe
    fotos: 4 · paràgrafs CA/ES: 5/5
+ 2023-023 2023-12-02 /blog/cursa-de-sant-vicenc-dels-horts-mitja-de-sant-cugat-mitja-2023-12-02
    titol: CURSA DE SANT VICENÇ DELS HORTS - MITJA DE SANT CUGAT - MITJA DE TARRAGONA
    resum: Més presència sedentària a Sant Vicenç dels Horts, on es va celebrar la Vicentina i on Indalecio va quedar pri
    fotos: 3 · paràgrafs CA/ES: 3/3
+ 2023-024 2023-12-16 /blog/cursa-de-martorell-cursa-de-sant-marti-mitja-marato-de-2023-12-16
    titol: CURSA DE MARTORELL - CURSA DE SANT MARTÍ - MITJA MARATÓ DE L'ESPIRALL
    resum: El diumenge 19 de novembre es va celebrar a Martorell la Cursa Popular de 5 km, que també acollia el Campionat
    fotos: 4 · paràgrafs CA/ES: 3/3
+ 2023-025 2023-12-16 /blog/jean-bouin-mitja-marato-de-cordova-marato-de-sant-sebastia-2023-12-16
    titol: JEAN BOUIN - MITJA MARATÓ DE CÒRDOVA - MARATÓ DE SANT SEBASTIÀ
    resum: El cap de setmana del 25 i 26 de novembre es va celebrar la 100a edició d'una de les curses més antigues de Ba
    fotos: 3 · paràgrafs CA/ES: 3/3

## 1 errors
! la columna posts.imatges no existeix: executa migration-imatges.sql (column posts.imatges does not exist)

25 posts per crear, 102 fotos per pujar
Dry-run: no s'ha escrit res. Log: news-import\logs\dry-run-2023-2026-09-14T07-53-12-946Z.log
